07-11 23:40:30.933  1313  9406 I ExperimentPackageManage: Package com.google.oslo name not found! Using module version.
07-11 23:40:30.934  9541  9541 D LifecycleMonitor: Lifecycle status change: androidx.test.core.app.InstrumentationActivityInvoker$EmptyActivity@bd1d607 in: PRE_ON_CREATE
07-11 23:40:30.934  9541  9541 V ActivityScenario: Activity lifecycle changed event received but ignored because the intent does not match. startActivityIntent=Intent { act=android.intent.action.MAIN cat=[android.intent.category.LAUNCHER] flg=0x10008000 cmp=com.example.dogglers/.VerticalListActivity }, activity.getIntent()=Intent { act=android.intent.action.MAIN cat=[android.intent.category.LAUNCHER] flg=0x10000000 cmp=com.example.dogglers/androidx.test.core.app.InstrumentationActivityInvoker$EmptyActivity }, activity=androidx.test.core.app.InstrumentationActivityInvoker$EmptyActivity@bd1d607
07-11 23:40:30.934  1313  9406 I ExperimentPackageManage: Package com.android.media name not found! Using module version.
07-11 23:40:30.937  9541  9541 D LifecycleMonitor: Lifecycle status change: androidx.test.core.app.InstrumentationActivityInvoker$EmptyActivity@bd1d607 in: CREATED
07-11 23:40:30.938  1313  9406 I ExperimentPackageManage: Package com.android.media.swcodec name not found! Using module version.
07-11 23:40:30.938  1313  9406 I ExperimentPackageManage: Package com.android.appsearch name not found! Using module version.
07-11 23:40:30.938  9541  9541 V ActivityScenario: Activity lifecycle changed event received but ignored because the intent does not match. startActivityIntent=Intent { act=android.intent.action.MAIN cat=[android.intent.category.LAUNCHER] flg=0x10008000 cmp=com.example.dogglers/.VerticalListActivity }, activity.getIntent()=Intent { act=android.intent.action.MAIN cat=[android.intent.category.LAUNCHER] flg=0x10000000 cmp=com.example.dogglers/androidx.test.core.app.InstrumentationActivityInvoker$EmptyActivity }, activity=androidx.test.core.app.InstrumentationActivityInvoker$EmptyActivity@bd1d607
07-11 23:40:30.939  9541  9541 D LifecycleMonitor: Lifecycle status change: androidx.test.core.app.InstrumentationActivityInvoker$EmptyActivity@bd1d607 in: STARTED
07-11 23:40:30.939  9541  9541 V ActivityScenario: Activity lifecycle changed event received but ignored because the intent does not match. startActivityIntent=Intent { act=android.intent.action.MAIN cat=[android.intent.category.LAUNCHER] flg=0x10008000 cmp=com.example.dogglers/.VerticalListActivity }, activity.getIntent()=Intent { act=android.intent.action.MAIN cat=[android.intent.category.LAUNCHER] flg=0x10000000 cmp=com.example.dogglers/androidx.test.core.app.InstrumentationActivityInvoker$EmptyActivity }, activity=androidx.test.core.app.InstrumentationActivityInvoker$EmptyActivity@bd1d607
07-11 23:40:30.940  9541  9541 D LifecycleMonitor: Lifecycle status change: androidx.test.core.app.InstrumentationActivityInvoker$EmptyActivity@bd1d607 in: RESUMED
07-11 23:40:30.941  9541  9541 V ActivityScenario: Activity lifecycle changed event received but ignored because the intent does not match. startActivityIntent=Intent { act=android.intent.action.MAIN cat=[android.intent.category.LAUNCHER] flg=0x10008000 cmp=com.example.dogglers/.VerticalListActivity }, activity.getIntent()=Intent { act=android.intent.action.MAIN cat=[android.intent.category.LAUNCHER] flg=0x10000000 cmp=com.example.dogglers/androidx.test.core.app.InstrumentationActivityInvoker$EmptyActivity }, activity=androidx.test.core.app.InstrumentationActivityInvoker$EmptyActivity@bd1d607
07-11 23:40:30.949  1313  9406 I ExperimentPackageManage: Package com.android.neuralnetworks name not found! Using module version.
07-11 23:40:30.950  1313  9406 I ExperimentPackageManage: Package com.google.android.odad name not found! Using module version.
07-11 23:40:30.950  1313  9406 I ExperimentPackageManage: Package com.android.media name not found! Using module version.
07-11 23:40:30.951  1313  9406 I ExperimentPackageManage: Package com.google.android.as.oss name not found! Using module version.
07-11 23:40:30.955  1313  1324 W .gms.persistent: Cleared Reference was only reachable from finalizer (only reported once)
07-11 23:40:30.958  9654  9654 D CompatibilityChangeReporter: Compat change id reported: 171979766; UID 10115; state: ENABLED
07-11 23:40:30.960   421   542 W TransactionTracing: Could not find layer id -1
07-11 23:40:30.960   421   542 W TransactionTracing: Could not find layer id -1
07-11 23:40:30.961   421   542 W TransactionTracing: Could not find layer id -1
07-11 23:40:30.961   421   542 W TransactionTracing: Could not find layer id -1
07-11 23:40:30.961   421   542 W TransactionTracing: Could not find layer id -1
07-11 23:40:30.966  1313  9406 I ExperimentPackageManage: Package 1 name not found! Using module version.
07-11 23:40:30.968  1313  9406 I ExperimentPackageManage: Package rkpd name not found! Using module version.
07-11 23:40:30.969  1313  9406 I ExperimentPackageManage: Package com.google.android.devicelockcontroller name not found! Using module version.
07-11 23:40:30.969  1313  9406 I ExperimentPackageManage: Package com.google.android.healthfitness name not found! Using module version.
07-11 23:40:30.969  1313  9406 I ExperimentPackageManage: Package android.companion name not found! Using module version.
07-11 23:40:30.970  1313  9406 I ExperimentPackageManage: Package com.google.android.healthfitness name not found! Using module version.
07-11 23:40:30.970  1313  9406 W PhenotypeConfigurationU: Update for unknown DeviceConfig package com.google.android.libraries.consentverifier#com.google.android.gms [CONTEXT service_id=204 ]
07-11 23:40:30.970  1313  9406 W PhenotypeConfigurationU: bqxl: No package exists for config package: com.google.android.libraries.consentverifier#com.google.android.gms
07-11 23:40:30.970  1313  9406 W PhenotypeConfigurationU: 	at com.google.android.gms.platformconfigurator.PhenotypeConfigurationUpdateListener.a(:com.google.android.gms@225014047@22.50.14 (190800-499278674):7)
07-11 23:40:30.970  1313  9406 W PhenotypeConfigurationU: 	at com.google.android.gms.platformconfigurator.PhenotypeConfigurationUpdateListener.onHandleIntent(:com.google.android.gms@225014047@22.50.14 (190800-499278674):6)
07-11 23:40:30.970  1313  9406 W PhenotypeConfigurationU: 	at com.google.android.chimera.IntentOperation.onHandleIntent(:com.google.android.gms@225014047@22.50.14 (190800-499278674):2)
07-11 23:40:30.970  1313  9406 W PhenotypeConfigurationU: 	at xuu.onHandleIntent(:com.google.android.gms@225014047@22.50.14 (190800-499278674):4)
07-11 23:40:30.970  1313  9406 W PhenotypeConfigurationU: 	at gug.run(:com.google.android.gms@225014047@22.50.14 (190800-499278674):3)
07-11 23:40:30.970  1313  9406 W PhenotypeConfigurationU: 	at guf.run(:com.google.android.gms@225014047@22.50.14 (190800-499278674):11)
07-11 23:40:30.970  1313  9406 W PhenotypeConfigurationU: 	at cxit.run(:com.google.android.gms@225014047@22.50.14 (190800-499278674):2)
07-11 23:40:30.970  1313  9406 W PhenotypeConfigurationU: 	at java.util.concurrent.ThreadPoolExecutor.runWorker(ThreadPoolExecutor.java:1137)
07-11 23:40:30.970  1313  9406 W PhenotypeConfigurationU: 	at java.util.concurrent.ThreadPoolExecutor$Worker.run(ThreadPoolExecutor.java:637)
07-11 23:40:30.970  1313  9406 W PhenotypeConfigurationU: 	at java.lang.Thread.run(Thread.java:1012)
07-11 23:40:30.987  9654  9654 D nativeloader: Configuring classloader-namespace for other apk /system/framework/org.apache.http.legacy.jar. target_sdk_version=33, uses_libraries=ALL, library_path=/product/priv-app/PrebuiltBugle/lib/x86_64:/product/priv-app/PrebuiltBugle/PrebuiltBugle.apk!/lib/x86_64, permitted_path=/data:/mnt/expand:/data/user/0/com.google.android.apps.messaging
07-11 23:40:30.989  9654  9654 D nativeloader: Configuring classloader-namespace for other apk /system_ext/framework/androidx.window.extensions.jar. target_sdk_version=33, uses_libraries=ALL, library_path=/product/priv-app/PrebuiltBugle/lib/x86_64:/product/priv-app/PrebuiltBugle/PrebuiltBugle.apk!/lib/x86_64, permitted_path=/data:/mnt/expand:/data/user/0/com.google.android.apps.messaging
07-11 23:40:30.990  9654  9654 D nativeloader: Configuring classloader-namespace for other apk /system_ext/framework/androidx.window.sidecar.jar. target_sdk_version=33, uses_libraries=ALL, library_path=/product/priv-app/PrebuiltBugle/lib/x86_64:/product/priv-app/PrebuiltBugle/PrebuiltBugle.apk!/lib/x86_64, permitted_path=/data:/mnt/expand:/data/user/0/com.google.android.apps.messaging
07-11 23:40:31.025  1313  1324 I .gms.persistent: Background concurrent copying GC freed 407924(18MB) AllocSpace objects, 24(3280KB) LOS objects, 49% free, 13MB/27MB, paused 769us,114us total 133.560ms
07-11 23:40:31.025  9654  9654 D nativeloader: Configuring vendor-classloader-namespace for unbundled product apk /product/priv-app/PrebuiltBugle/PrebuiltBugle.apk. target_sdk_version=33, uses_libraries=, library_path=/product/priv-app/PrebuiltBugle/lib/x86_64:/product/priv-app/PrebuiltBugle/PrebuiltBugle.apk!/lib/x86_64:/product/lib64:/system/product/lib64, permitted_path=/data:/mnt/expand:/data/user/0/com.google.android.apps.messaging:/product/lib64:/system/product/lib64
07-11 23:40:31.038   941  1149 D EGL_emulation: app_time_stats: avg=23.92ms min=1.05ms max=100.00ms count=36
07-11 23:40:31.039  9654  9654 V GraphicsEnvironment: ANGLE Developer option for 'com.google.android.apps.messaging' set to: 'default'
07-11 23:40:31.041  9654  9654 V GraphicsEnvironment: ANGLE GameManagerService for com.google.android.apps.messaging: false
07-11 23:40:31.041  9654  9654 V GraphicsEnvironment: Neither updatable production driver nor prerelease driver is supported.
07-11 23:40:31.041  9541  9570 W Parcel  : Expecting binder but got null!
07-11 23:40:31.044   611   632 I ActivityTaskManager: Displayed com.example.dogglers/androidx.test.core.app.InstrumentationActivityInvoker$EmptyActivity: +127ms
07-11 23:40:31.045  9654  9654 D NetworkSecurityConfig: No Network Security Config specified, using platform default
07-11 23:40:31.045  9654  9654 D NetworkSecurityConfig: No Network Security Config specified, using platform default
07-11 23:40:31.052  9541  9541 D LifecycleMonitor: Lifecycle status change: com.example.dogglers.VerticalListActivity@f81d57 in: STOPPED
07-11 23:40:31.053  9541  9541 V ActivityScenario: Update currentActivityStage to STOPPED, currentActivity=com.example.dogglers.VerticalListActivity@f81d57
07-11 23:40:31.054  9541  9541 D LifecycleMonitor: Lifecycle status change: com.example.dogglers.VerticalListActivity@f81d57 in: DESTROYED
07-11 23:40:31.055  9541  9541 V ActivityScenario: Update currentActivityStage to DESTROYED, currentActivity=null
07-11 23:40:31.059   611  2104 W InputManager-JNI: Input channel object '7eba137 com.example.dogglers/com.example.dogglers.VerticalListActivity (client)' was disposed without first being removed with the input manager!
07-11 23:40:31.070  1313  9371 I ExperimentPackageManage: Package com.google.android.as name not found! Using module version.
07-11 23:40:31.070  1313  9371 I ExperimentPackageManage: Package com.android.refreshratecontrol name not found! Using module version.
07-11 23:40:31.070  1313  9371 I ExperimentPackageManage: Package com.google.android.as name not found! Using module version.
07-11 23:40:31.071  1313  9371 I ExperimentPackageManage: Package com.google.oslo name not found! Using module version.
07-11 23:40:31.071  1313  9371 I ExperimentPackageManage: Package com.android.media name not found! Using module version.
07-11 23:40:31.071  1313  9371 I ExperimentPackageManage: Package com.android.media.swcodec name not found! Using module version.
07-11 23:40:31.071  1313  9371 I ExperimentPackageManage: Package com.android.appsearch name not found! Using module version.
07-11 23:40:31.071  1313  9371 I ExperimentPackageManage: Package com.android.neuralnetworks name not found! Using module version.
07-11 23:40:31.072  1313  9371 I ExperimentPackageManage: Package com.google.android.odad name not found! Using module version.
07-11 23:40:31.072  1313  9371 I ExperimentPackageManage: Package com.android.media name not found! Using module version.
07-11 23:40:31.079  1313  9371 I ExperimentPackageManage: Package com.google.android.as.oss name not found! Using module version.
07-11 23:40:31.079   421   542 W TransactionTracing: Could not find layer handle 0x711c64c80eb0
07-11 23:40:31.080   421   542 W TransactionTracing: Could not find layer handle 0x711c64c81330
07-11 23:40:31.080  1313  9371 I ExperimentPackageManage: Package 1 name not found! Using module version.
07-11 23:40:31.080   421   542 W TransactionTracing: Could not find layer handle 0x711c64c7c350
07-11 23:40:31.080  1313  9371 I ExperimentPackageManage: Package rkpd name not found! Using module version.
07-11 23:40:31.081  1313  9371 I ExperimentPackageManage: Package com.google.android.devicelockcontroller name not found! Using module version.
07-11 23:40:31.081  1313  9371 I ExperimentPackageManage: Package com.google.android.healthfitness name not found! Using module version.
07-11 23:40:31.082  1313  9371 I ExperimentPackageManage: Package android.companion name not found! Using module version.
07-11 23:40:31.082  1313  9371 I ExperimentPackageManage: Package com.google.android.healthfitness name not found! Using module version.
07-11 23:40:31.082  1313  9371 W PhenotypeConfigurationU: Update for unknown DeviceConfig package com.google.android.gms.auth_account [CONTEXT service_id=204 ]
07-11 23:40:31.082  1313  9371 W PhenotypeConfigurationU: bqxl: No package exists for config package: com.google.android.gms.auth_account
07-11 23:40:31.082  1313  9371 W PhenotypeConfigurationU: 	at com.google.android.gms.platformconfigurator.PhenotypeConfigurationUpdateListener.a(:com.google.android.gms@225014047@22.50.14 (190800-499278674):7)
07-11 23:40:31.082  1313  9371 W PhenotypeConfigurationU: 	at com.google.android.gms.platformconfigurator.PhenotypeConfigurationUpdateListener.onHandleIntent(:com.google.android.gms@225014047@22.50.14 (190800-499278674):6)
07-11 23:40:31.082  1313  9371 W PhenotypeConfigurationU: 	at com.google.android.chimera.IntentOperation.onHandleIntent(:com.google.android.gms@225014047@22.50.14 (190800-499278674):2)
07-11 23:40:31.082  1313  9371 W PhenotypeConfigurationU: 	at xuu.onHandleIntent(:com.google.android.gms@225014047@22.50.14 (190800-499278674):4)
07-11 23:40:31.082  1313  9371 W PhenotypeConfigurationU: 	at gug.run(:com.google.android.gms@225014047@22.50.14 (190800-499278674):3)
07-11 23:40:31.082  1313  9371 W PhenotypeConfigurationU: 	at guf.run(:com.google.android.gms@225014047@22.50.14 (190800-499278674):11)
07-11 23:40:31.082  1313  9371 W PhenotypeConfigurationU: 	at cxit.run(:com.google.android.gms@225014047@22.50.14 (190800-499278674):2)
07-11 23:40:31.082  1313  9371 W PhenotypeConfigurationU: 	at java.util.concurrent.ThreadPoolExecutor.runWorker(ThreadPoolExecutor.java:1137)
07-11 23:40:31.082  1313  9371 W PhenotypeConfigurationU: 	at java.util.concurrent.ThreadPoolExecutor$Worker.run(ThreadPoolExecutor.java:637)
07-11 23:40:31.082  1313  9371 W PhenotypeConfigurationU: 	at java.lang.Thread.run(Thread.java:1012)
07-11 23:40:31.098  1313  9371 I ExperimentPackageManage: Package com.google.android.as name not found! Using module version.
07-11 23:40:31.098  1313  9371 I ExperimentPackageManage: Package com.android.refreshratecontrol name not found! Using module version.
07-11 23:40:31.098  1313  9371 I ExperimentPackageManage: Package com.google.android.as name not found! Using module version.
07-11 23:40:31.099  1313  9371 I ExperimentPackageManage: Package com.google.oslo name not found! Using module version.
07-11 23:40:31.099  1313  9371 I ExperimentPackageManage: Package com.android.media name not found! Using module version.
07-11 23:40:31.100  1313  9371 I ExperimentPackageManage: Package com.android.media.swcodec name not found! Using module version.
07-11 23:40:31.101  1313  9371 I ExperimentPackageManage: Package com.android.appsearch name not found! Using module version.
07-11 23:40:31.101  1313  9371 I ExperimentPackageManage: Package com.android.neuralnetworks name not found! Using module version.
07-11 23:40:31.101  1313  9371 I ExperimentPackageManage: Package com.google.android.odad name not found! Using module version.
07-11 23:40:31.102  1313  9371 I ExperimentPackageManage: Package com.android.media name not found! Using module version.
07-11 23:40:31.102  1313  9371 I ExperimentPackageManage: Package com.google.android.as.oss name not found! Using module version.
07-11 23:40:31.103  1313  9371 I ExperimentPackageManage: Package 1 name not found! Using module version.
07-11 23:40:31.106  1673  1673 I GoogleInputMethodService: GoogleInputMethodService.onFinishInput():3220
07-11 23:40:31.107  1673  1673 I GoogleInputMethodService: GoogleInputMethodService.updateDeviceLockedStatus():2114 repeatCheckTimes = 0, unlocked = true
07-11 23:40:31.107  1673  1673 I GoogleInputMethodService: GoogleInputMethodService.onStartInput():1919 onStartInput(EditorInfo{inputType=0x0(NULL) imeOptions=0x0 privateImeOptions=null actionName=UNSPECIFIED actionLabel=null actionId=0 initialSelStart=-1 initialSelEnd=-1 initialCapsMode=0x0 hintText=null label=null packageName=com.example.dogglers fieldId=-1 fieldName=null extras=null}, false)
07-11 23:40:31.107  9541  9541 D LifecycleMonitor: Lifecycle status change: androidx.test.core.app.InstrumentationActivityInvoker$EmptyActivity@bd1d607 in: PAUSED
07-11 23:40:31.107  9541  9541 V ActivityScenario: Activity lifecycle changed event received but ignored because the intent does not match. startActivityIntent=Intent { act=android.intent.action.MAIN cat=[android.intent.category.LAUNCHER] flg=0x10008000 cmp=com.example.dogglers/.VerticalListActivity }, activity.getIntent()=Intent { act=android.intent.action.MAIN cat=[android.intent.category.LAUNCHER] flg=0x10000000 cmp=com.example.dogglers/androidx.test.core.app.InstrumentationActivityInvoker$EmptyActivity }, activity=androidx.test.core.app.InstrumentationActivityInvoker$EmptyActivity@bd1d607
07-11 23:40:31.108  1313  9371 I ExperimentPackageManage: Package rkpd name not found! Using module version.
07-11 23:40:31.108  1313  9371 I ExperimentPackageManage: Package com.google.android.devicelockcontroller name not found! Using module version.
07-11 23:40:31.109  1673  1673 I GoogleInputMethodService: GoogleInputMethodService.updateDeviceLockedStatus():2114 repeatCheckTimes = 2, unlocked = true
07-11 23:40:31.110  1313  9371 I ExperimentPackageManage: Package com.google.android.healthfitness name not found! Using module version.
07-11 23:40:31.111  1313  9371 I ExperimentPackageManage: Package android.companion name not found! Using module version.
07-11 23:40:31.115  9541  9568 I TestRunner: finished: vertical_scroll_content_at_first_position(com.example.dogglers.VerticalListTests)
